// Jest Snapshot v1, https://goo.gl/fbAQLP

exports[`Describe describeComparison describes a colored fs comparison 1`] = `
"[90mdescribe[39m
â”œâ”€â”€ [32ma / a.txt[39m
â””â”€â”€ [90mb[39m
    â”œâ”€â”€ [33mb.txt[39m
    â”œâ”€â”€ [32mc[39m
    â”‚Â Â  â”œâ”€â”€ [32mc.txt[39m
    â”‚Â Â  â”œâ”€â”€ [32md / d.txt[39m
    â”‚Â Â  â””â”€â”€ [32me.txt[39m
    â””â”€â”€ [32mf.txt[39m"
`;

exports[`Describe describeComparison describes an uncolored fs comparison 1`] = `
"describe[N]
â”œâ”€â”€ a / a.txt[A]
â””â”€â”€ b[N]
    â”œâ”€â”€ b.txt[M]
    â”œâ”€â”€ c[A]
    â”‚Â Â  â”œâ”€â”€ c.txt[A]
    â”‚Â Â  â”œâ”€â”€ d / d.txt[A]
    â”‚Â Â  â””â”€â”€ e.txt[A]
    â””â”€â”€ f.txt[A]"
`;

exports[`Describe describes a deeply nested fs 1`] = `
"/ a / b / c / d / e / f
â”œâ”€â”€ g.txt
â””â”€â”€ h.txt"
`;

exports[`Describe describes an in-memory fs 1`] = `
"/
â”œâ”€â”€ a.txt
â””â”€â”€ b.txt"
`;

exports[`Describe describes an in-memory fs with a single file 1`] = `"/ a.txt"`;

exports[`Describe describes the OS fs 1`] = `
"describe
â”œâ”€â”€ a / a.txt
â””â”€â”€ b
    â”œâ”€â”€ b.txt
    â”œâ”€â”€ c
    â”‚Â Â  â”œâ”€â”€ c.txt
    â”‚Â Â  â”œâ”€â”€ d / d.txt
    â”‚Â Â  â””â”€â”€ e.txt
    â””â”€â”€ f.txt"
`;
